../Core/Src/main.c:161:6:ledView	16	static
../Core/Src/main.c:165:6:ledsAll	24	static
../Core/Src/main.c:169:6:ledsView	24	static
../Core/Src/main.c:178:6:receiveData	8	static
../Core/Src/main.c:185:6:sendKeyboardData	16	static
../Core/Src/main.c:212:6:scanKeyboard	16	static
../Core/Src/main.c:265:5:main	24	static
../Core/Src/main.c:336:6:SystemClock_Config	88	static
../Core/Src/main.c:394:13:MX_TIM6_Init	24	static
../Core/Src/main.c:432:13:MX_USART3_UART_Init	8	static
../Core/Src/main.c:467:13:MX_GPIO_Init	64	static
../Core/Src/main.c:632:6:Error_Handler	4	static,ignoring_inline_asm
